[14:35:33] 
📚 SISTEMA DE APRENDIZAJE AUTÓNOMO
[14:35:33]    Tipo: Reinforcement Learning + Position Search
[14:35:33]    Base de datos: /logs/ml-autonomous.json
[14:35:33]    Método: Generación automática de posiciones + prueba y error
[14:35:33]    Sin intervención manual
[14:35:33] ================================================================================
[14:35:33] 🤖 LINKEDIN BOT - FULLY AUTONOMOUS ML
[14:35:33] ================================================================================
[14:35:33] 
📊 ITERACIÓN 1
[14:35:33]    Éxitos previos: 0
[14:35:33]    Posiciones probadas: 0
[14:35:33] 
🔥 Firefox...
[14:35:35] 📍 LinkedIn...
[14:35:40] 
   Intento 1: (700, 410)
[14:35:48]    ❌ Falló en intento 1, limpiando...
[14:35:50] 
   Intento 2: (680, 410)
[14:35:58]    ❌ Falló en intento 2, limpiando...
[14:36:00] 
   Intento 3: (720, 410)
[14:36:08] 
❌ No se logró entrar en iteración 1
[14:36:08] 
📚 Base de datos actualizada:
[14:36:08]    Iteraciones: 1
[14:36:08]    Éxitos: 0
[14:36:08]    Tasa: 0%
[14:36:09] 
================================================================================
[14:36:09] ⏳ Continuando aprendizaje...
[14:36:09] ================================================================================
[14:36:19] 
📚 SISTEMA DE APRENDIZAJE AUTÓNOMO
[14:36:19]    Tipo: Reinforcement Learning + Position Search
[14:36:19]    Base de datos: /logs/ml-autonomous.json
[14:36:19]    Método: Generación automática de posiciones + prueba y error
[14:36:19]    Sin intervención manual
[14:36:19] ================================================================================
[14:36:19] 🤖 LINKEDIN BOT - FULLY AUTONOMOUS ML
[14:36:19] ================================================================================
[14:36:19] 
📊 ITERACIÓN 2
[14:36:19]    Éxitos previos: 0
[14:36:19]    Posiciones probadas: 9
[14:36:19] 
🔥 Firefox...
[14:36:20] 📍 LinkedIn...
[14:36:24] 
   Intento 1: (700, 410)
[14:36:32]    ❌ Falló en intento 1, limpiando...
[14:36:34] 
   Intento 2: (680, 410)
[14:36:42]    ❌ Falló en intento 2, limpiando...
[14:36:44] 
   Intento 3: (720, 410)
[14:36:52] 
❌ No se logró entrar en iteración 2
[14:36:52] 
📚 Base de datos actualizada:
[14:36:52]    Iteraciones: 2
[14:36:52]    Éxitos: 0
[14:36:52]    Tasa: 0%
[14:36:52] 
================================================================================
[14:36:52] ⏳ Continuando aprendizaje...
[14:36:52] ================================================================================
[14:37:11] 
📚 SISTEMA DE APRENDIZAJE AUTÓNOMO
[14:37:11]    Tipo: Reinforcement Learning + Position Search
[14:37:11]    Base de datos: /logs/ml-autonomous.json
[14:37:11]    Método: Generación automática de posiciones + prueba y error
[14:37:11]    Sin intervención manual
[14:37:11] ================================================================================
[14:37:11] 🤖 LINKEDIN BOT - FULLY AUTONOMOUS ML
[14:37:11] ================================================================================
[14:37:11] 
📊 ITERACIÓN 3
[14:37:11]    Éxitos previos: 0
[14:37:11]    Posiciones probadas: 18
[14:37:11] 
🔥 Firefox...
[14:37:12] 📍 LinkedIn...
[14:37:15] 
   Intento 1: (720, 400)
[14:37:23]    ❌ Falló en intento 1, limpiando...
[14:37:25] 
   Intento 2: (720, 410)
[14:37:33]    ❌ Falló en intento 2, limpiando...
[14:37:35] 
   Intento 3: (720, 420)
[14:37:43] 
❌ No se logró entrar en iteración 3
[14:37:43] 
📚 Base de datos actualizada:
[14:37:43]    Iteraciones: 3
[14:37:43]    Éxitos: 0
[14:37:43]    Tasa: 0%
[14:37:43] 
================================================================================
[14:37:43] ⏳ Continuando aprendizaje...
[14:37:43] ================================================================================
