[14:41:23] ================================================================================
[14:41:23] 🤖 LINKEDIN BOT - EXACTO (Sin TAB, Sin Apple, Solo lo que mostraste)
[14:41:23] ================================================================================
[14:41:23] 
📊 ITERACIÓN 1
[14:41:23]    Éxitos: 0
[14:41:23] 
🔥 Firefox...
[14:41:25] 📍 LinkedIn...
[14:41:26] ⏳ Esperando 5 segundos (como mostraste)...
[14:41:31] 
✍️ EMAIL
[14:41:31]    Click en (688, 400)...
[14:41:32]    Escribiendo 24 caracteres...
[14:41:33]      8/24...
[14:41:34]      16/24...
[14:41:36]      24/24...
[14:41:36]    ✅ Email completado
[14:41:36] 
🔐 PASSWORD
[14:41:36]    Click en (688, 485)...
[14:41:36]    Escribiendo 9 caracteres...
[14:41:38]    ✅ Password completado
[14:41:38] 
🔑 PRESIONANDO ENTER...
[14:41:41] 
⏳ Esperando feed (15 segundos)...
[14:41:56] 
❌ Login falló - URL: https://www.linkedin.com/login/
[14:44:01] ================================================================================
[14:44:01] 🤖 LINKEDIN BOT - EXACTO (Sin TAB, Sin Apple, Solo lo que mostraste)
[14:44:01] ================================================================================
[14:44:01] 
📊 ITERACIÓN 2
[14:44:01]    Éxitos: 0
[14:44:01] 
🔥 Firefox NORMAL (no Nightly)...
[14:44:03] 📍 LinkedIn...
[14:44:05] ⏳ Esperando 5 segundos (como mostraste)...
[14:44:10] 
✍️ EMAIL
[14:44:10]    Click en (688, 445) - CAMPO EMAIL...
[14:44:11]    Escribiendo 24 caracteres...
[14:44:12]      8/24...
[14:44:13]      16/24...
[14:44:14]      24/24...
[14:44:14]    ✅ Email completado
[14:44:15] 
🔐 PASSWORD
[14:44:15]    Click en (688, 520) - CAMPO PASSWORD...
[14:44:15]    Escribiendo 9 caracteres...
[14:44:16]    ✅ Password completado
[14:44:17] 
🔑 PRESIONANDO ENTER...
[14:44:20] 
⏳ Esperando feed (15 segundos)...
[14:44:35] 
❌ Login falló - URL: https://es.linkedin.com/legal/cookie-policy/?lipi=urn%3Ali%3Apage%3Ad_flagship3_login%3BVOxkTLBfQ%2Bydgu9MdwB4AA%3D%3D
[14:45:30] ================================================================================
[14:45:30] 🤖 LINKEDIN BOT - EXACTO (Sin TAB, Sin Apple, Solo lo que mostraste)
[14:45:30] ================================================================================
[14:45:30] 
📊 ITERACIÓN 3
[14:45:30]    Éxitos: 0
[14:45:30] 
🔥 Firefox NORMAL (no Nightly)...
[14:45:32] 📍 LinkedIn...
[14:45:35] ⏳ Esperando 5 segundos (como mostraste)...
[14:45:40] 
✍️ EMAIL
[14:45:40]    Click en (688, 403) - CAMPO EMAIL...
[14:45:40]    Escribiendo 24 caracteres...
[14:45:42]      8/24...
[14:45:43]      16/24...
[14:45:44]      24/24...
[14:45:44]    ✅ Email completado
[14:45:44] 
🔐 PASSWORD
[14:45:44]    Click en (688, 520) - CAMPO PASSWORD...
[14:45:45]    Escribiendo 9 caracteres...
[14:45:46]    ✅ Password completado
[14:45:46] 
🔑 PRESIONANDO ENTER...
[14:45:49] 
⏳ Esperando feed (15 segundos)...
[14:46:04] 
❌ Login falló - URL: https://www.linkedin.com/login/
