[15:20:59] ================================================================================
[15:20:59] 🤖 LINKEDIN BOT - OFICIAL
[15:20:59] ================================================================================
[15:20:59] Email: erwin.androide@gmail.com
[15:20:59] Hora: 2026-06-20 15:20:59
[15:21:00] 
🔥 Firefox...
[15:21:02] 
📍 Abriendo LinkedIn...
[15:21:08]    ✅ Página cargada
[15:21:08] 
🔐 Intentando cerrar popup...
[15:21:11]    ⚠️ Popup no encontrado, continuando...
[15:21:11] 
✍️ Buscando campos...
[15:21:11]    Encontrados: 6 inputs
[15:21:11] 
   Email...
[15:21:41] 
❌ ERROR CRÍTICO: ElementHandle.fill: Timeout 30000ms exceeded.
Call log:
    - fill("erwin.androide@gmail.com")
  - attempting fill action
    2 × waiting for element to be visible, enabled and editable
      - element is not visible
    - retrying fill action
    - waiting 20ms
    2 × waiting for element to be visible, enabled and editable
      - element is not visible
    - retrying fill action
      - waiting 100ms
    58 × waiting for element to be visible, enabled and editable
       - element is not visible
     - retrying fill action
       - waiting 500ms

[15:21:41] Traceback (most recent call last):
  File "/Users/macbookpro/dev/aif369-web/linkedin-bot-oficial.py", line 108, in main
    inputs[0].fill(EMAIL)
    ~~~~~~~~~~~~~~^^^^^^^
  File "/Users/macbookpro/dev/aif369-web/.venv/lib/python3.14/site-packages/playwright/sync_api/_generated.py", line 2603, in fill
    self._sync(
    ~~~~~~~~~~^
        self._impl_obj.fill(
        ^^^^^^^^^^^^^^^^^^^^
    ...<4 lines>...
        )
        ^
    )
    ^
  File "/Users/macbookpro/dev/aif369-web/.venv/lib/python3.14/site-packages/playwright/_impl/_sync_base.py", line 115, in _sync
    return task.result()
           ~~~~~~~~~~~^^
  File "/Users/macbookpro/dev/aif369-web/.venv/lib/python3.14/site-packages/playwright/_impl/_element_handle.py", line 202, in fill
    await self._channel.send(
        "fill", self._frame._timeout, locals_to_params(locals())
    )
  File "/Users/macbookpro/dev/aif369-web/.venv/lib/python3.14/site-packages/playwright/_impl/_connection.py", line 69, in send
    return await self._connection.wrap_api_call(
           ^^^^^^^^^^^^^^^^^^^^^^^^^^^^^^^^^^^^^
    ...<3 lines>...
    )
    ^
  File "/Users/macbookpro/dev/aif369-web/.venv/lib/python3.14/site-packages/playwright/_impl/_connection.py", line 559, in wrap_api_call
    raise rewrite_error(error, f"{parsed_st['apiName']}: {error}") from None
playwright._impl._errors.TimeoutError: ElementHandle.fill: Timeout 30000ms exceeded.
Call log:
    - fill("erwin.androide@gmail.com")
  - attempting fill action
    2 × waiting for element to be visible, enabled and editable
      - element is not visible
    - retrying fill action
    - waiting 20ms
    2 × waiting for element to be visible, enabled and editable
      - element is not visible
    - retrying fill action
      - waiting 100ms
    58 × waiting for element to be visible, enabled and editable
       - element is not visible
     - retrying fill action
       - waiting 500ms


[15:21:57] ================================================================================
[15:21:57] 🤖 LINKEDIN BOT - OFICIAL
[15:21:57] ================================================================================
[15:21:57] Email: erwin.androide@gmail.com
[15:21:57] Hora: 2026-06-20 15:21:57
[15:21:57] 
🔥 Firefox...
[15:21:58] 
📍 Abriendo LinkedIn...
[15:22:07]    ✅ Página cargada
[15:22:07] 
🔐 Intentando cerrar popup...
[15:22:10]    ⚠️ Popup no encontrado, continuando...
[15:22:10] 
✍️ Llenando campos...
[15:22:40] 
❌ ERROR CRÍTICO: ElementHandle.fill: Timeout 30000ms exceeded.
Call log:
    - fill("erwin.androide@gmail.com")
  - attempting fill action
    2 × waiting for element to be visible, enabled and editable
      - element is not visible
    - retrying fill action
    - waiting 20ms
    2 × waiting for element to be visible, enabled and editable
      - element is not visible
    - retrying fill action
      - waiting 100ms
    58 × waiting for element to be visible, enabled and editable
       - element is not visible
     - retrying fill action
       - waiting 500ms

[15:22:40] Traceback (most recent call last):
  File "/Users/macbookpro/dev/aif369-web/linkedin-bot-oficial.py", line 106, in main
    inputs[0].fill(EMAIL)
    ~~~~~~~~~~~~~~^^^^^^^
  File "/Users/macbookpro/dev/aif369-web/.venv/lib/python3.14/site-packages/playwright/sync_api/_generated.py", line 2603, in fill
    self._sync(
    ~~~~~~~~~~^
        self._impl_obj.fill(
        ^^^^^^^^^^^^^^^^^^^^
    ...<4 lines>...
        )
        ^
    )
    ^
  File "/Users/macbookpro/dev/aif369-web/.venv/lib/python3.14/site-packages/playwright/_impl/_sync_base.py", line 115, in _sync
    return task.result()
           ~~~~~~~~~~~^^
  File "/Users/macbookpro/dev/aif369-web/.venv/lib/python3.14/site-packages/playwright/_impl/_element_handle.py", line 202, in fill
    await self._channel.send(
        "fill", self._frame._timeout, locals_to_params(locals())
    )
  File "/Users/macbookpro/dev/aif369-web/.venv/lib/python3.14/site-packages/playwright/_impl/_connection.py", line 69, in send
    return await self._connection.wrap_api_call(
           ^^^^^^^^^^^^^^^^^^^^^^^^^^^^^^^^^^^^^
    ...<3 lines>...
    )
    ^
  File "/Users/macbookpro/dev/aif369-web/.venv/lib/python3.14/site-packages/playwright/_impl/_connection.py", line 559, in wrap_api_call
    raise rewrite_error(error, f"{parsed_st['apiName']}: {error}") from None
playwright._impl._errors.TimeoutError: ElementHandle.fill: Timeout 30000ms exceeded.
Call log:
    - fill("erwin.androide@gmail.com")
  - attempting fill action
    2 × waiting for element to be visible, enabled and editable
      - element is not visible
    - retrying fill action
    - waiting 20ms
    2 × waiting for element to be visible, enabled and editable
      - element is not visible
    - retrying fill action
      - waiting 100ms
    58 × waiting for element to be visible, enabled and editable
       - element is not visible
     - retrying fill action
       - waiting 500ms


[15:23:04] ================================================================================
[15:23:04] 🤖 LINKEDIN BOT - OFICIAL (MÉTODO COMPROBADO)
[15:23:04] ================================================================================
[15:23:04] 
🔥 Firefox...
[15:23:06] [1] Abriendo...
[15:23:13]     ✅ Página cargada
[15:23:14] [2] Cerrando popup...
[15:23:19]     ⚠️ No se encontró botón de cerrar
[15:23:19] [3] Buscando inputs...
[15:23:19]     Encontrados: 6
[15:23:19] [4] Email...
[15:23:49] 
❌ ERROR: ElementHandle.fill: Timeout 30000ms exceeded.
Call log:
    - fill("erwin.androide@gmail.com")
  - attempting fill action
    2 × waiting for element to be visible, enabled and editable
      - element is not visible
    - retrying fill action
    - waiting 20ms
    2 × waiting for element to be visible, enabled and editable
      - element is not visible
    - retrying fill action
      - waiting 100ms
    58 × waiting for element to be visible, enabled and editable
       - element is not visible
     - retrying fill action
       - waiting 500ms

[15:24:05] ================================================================================
[15:24:05] 🤖 LINKEDIN BOT - OFICIAL (MÉTODO COMPROBADO)
[15:24:05] ================================================================================
[15:24:05] 
🔥 Firefox...
[15:24:07] [1] Abriendo...
[15:24:15]     ✅ Página cargada
[15:24:15] [2] Cerrando popup...
[15:24:20]     ⚠️ No se encontró botón de cerrar
[15:24:20] [3] Buscando inputs...
[15:24:20]     Encontrados: 6
[15:24:20] [4] Email (usando inputs[2] o [3])...
[15:24:50]     ✅ Email rellenado (inputs[3])
[15:24:50] [5] Password (usando inputs[4] o [5])...
[15:24:50]     ✅ Password rellenado (inputs[4])
[15:24:51] [6] ENTER...
[15:24:54] [7] Esperando feed (15s)...
[15:24:54]    1s - Esperando...
[15:24:55]    2s - Esperando...
[15:24:56]    3s - Esperando...
[15:24:57]    4s - Esperando...
[15:24:58]    5s - Esperando...
[15:24:59]    6s - Esperando...
[15:25:00]    7s - Esperando...
[15:25:01]    8s - Esperando...
[15:25:02]    9s - Esperando...
[15:25:03]    10s - Esperando...
[15:25:04]    11s - Esperando...
[15:25:05]    12s - Esperando...
[15:25:06]    13s - Esperando...
[15:25:07]    14s - Esperando...
[15:25:08]    15s - Esperando...
[15:25:09] 
❌ Falló - URL final: https://www.linkedin.com/login/
[15:28:05] ================================================================================
[15:28:05] 🤖 LINKEDIN BOT - OFICIAL (MÉTODO COMPROBADO)
[15:28:05] ================================================================================
[15:28:06] 
🔥 Firefox...
[15:28:07] [1] Abriendo...
[15:28:14]     ✅ Página cargada
[15:28:14] [2] Cerrando popup...
[15:28:19]     ⚠️ No se encontró botón de cerrar
[15:28:19] [3] Buscando inputs...
[15:28:19]     Encontrados: 6
[15:28:19] [4] Email (usando inputs[2] o [3])...
[15:28:49]     ✅ Email rellenado (inputs[3])
[15:28:50] [5] Password (usando inputs[4] o [5])...
[15:28:50]     ✅ Password rellenado (inputs[4])
[15:28:50] [6] ENTER...
[15:28:53] [7] Esperando feed (15s)...
[15:28:53]    1s - Esperando...
[15:28:54]    2s - Esperando...
[15:28:55]    3s - Esperando...
[15:28:56]    4s - Esperando...
[15:28:57]    5s - Esperando...
[15:28:58]    6s - Esperando...
[15:28:59]    7s - Esperando...
[15:29:00]    8s - Esperando...
[15:29:01]    9s - Esperando...
[15:29:02]    10s - Esperando...
[15:29:03]    11s - Esperando...
[15:29:04]    12s - Esperando...
[15:29:05]    13s - Esperando...
[15:29:06]    14s - Esperando...
[15:29:07]    15s - Esperando...
[15:29:08] 
❌ Falló - URL final: https://www.linkedin.com/login/
[15:39:49] ================================================================================
[15:39:49] 🤖 LINKEDIN BOT - OFICIAL (MÉTODO COMPROBADO)
[15:39:49] ================================================================================
[15:39:50] 
🔥 Firefox...
[15:39:51] [1] Abriendo...
[15:39:58]     ✅ Página cargada
[15:39:58] [2] Cerrando popup...
[15:40:03]     ⚠️ No se encontró botón de cerrar
[15:40:03] [3] Buscando inputs...
[15:40:03]     Encontrados: 6
[15:40:03] [4] Email en inputs[3]...
[15:40:03]     ✅ Email rellenado
[15:40:03] [5] Password en inputs[4]...
[15:40:04]     ✅ Password rellenado
[15:40:04] [6] ENTER...
[15:40:07] [7] Esperando feed (15s)...
[15:40:07]    1s - Esperando...
[15:40:08]    2s - Esperando...
[15:40:09]    3s - Esperando...
[15:40:10]    4s - Esperando...
[15:40:11]    5s - Esperando...
[15:40:12]    6s - Esperando...
[15:40:13]    7s - Esperando...
[15:40:14]    8s - Esperando...
[15:40:15]    9s - Esperando...
[15:40:16]    10s - Esperando...
[15:40:17]    11s - Esperando...
[15:40:18]    12s - Esperando...
[15:40:19]    13s - Esperando...
[15:40:20]    14s - Esperando...
[15:40:21]    15s - Esperando...
[15:40:22] 
❌ Falló - URL final: https://www.linkedin.com/login/
