[2026-06-20 14:15:42] ================================================================================
[2026-06-20 14:15:42] 🤖 LINKEDIN BOT ML AVANZADO — Vision AI + Mouse Control
[2026-06-20 14:15:42] ================================================================================
[2026-06-20 14:15:43] 
🔥 Abriendo Firefox...
[2026-06-20 14:15:44] 
📍 Navegando a LinkedIn...
[2026-06-20 14:15:47] 📏 Maximizando ventana...
[2026-06-20 14:15:50] 
📸 Tomando screenshot para análisis...
[2026-06-20 14:15:50] 🔍 Analizando pantalla con Vision AI...
[2026-06-20 14:15:50]    ❌ Error Vision AI: "Could not resolve authentication method. Expected one of api_key, auth_token, or credentials to be 
[2026-06-20 14:15:50]    ✅ Análisis completado
[2026-06-20 14:15:50] 
⚡ Escribiendo credenciales (RÁPIDO)...
[2026-06-20 14:15:50]    1️⃣  Email...
[2026-06-20 14:15:54]    ✅ Email escrito (24 chars)
[2026-06-20 14:15:54]    2️⃣  Password...
[2026-06-20 14:15:56]    ✅ Password escrito (9 chars)
[2026-06-20 14:15:57] 🔍 Analizando pantalla con Vision AI...
[2026-06-20 14:15:57]    ❌ Error Vision AI: "Could not resolve authentication method. Expected one of api_key, auth_token, or credentials to be 
[2026-06-20 14:15:57] 
🔑 PRESIONANDO ENTER...
[2026-06-20 14:15:59] 
⏳ Monitoreando login (120s)...
[2026-06-20 14:16:13] 
❌ ERROR: Page.screenshot: Target page, context or browser has been closed
[2026-06-20 14:16:13] 
================================================================================
[2026-06-20 14:16:13] ❌ FALLO
[2026-06-20 14:16:13] ================================================================================
