[2026-06-20 13:32:43] ================================================================================
[2026-06-20 13:32:43] 🤖 LINKEDIN RPA BOT — Iniciado
[2026-06-20 13:32:43] ================================================================================
[2026-06-20 13:32:43] 📅 Día de hoy: 5 (0=Lun, 1=Mar, 2=Mié, 3=Jue, 4=Vie, 5=Sab, 6=Dom)
[2026-06-20 13:32:43] ✅ Post obtenido: 💡 Sábado Estratégico...
[2026-06-20 13:32:43] 
📄 Contenido a publicar (866 caracteres):

[2026-06-20 13:32:44] 🚀 Iniciando navegador...
[2026-06-20 13:32:49] 📝 Accediendo a LinkedIn...
[2026-06-20 13:32:52] ⌨️  Escribiendo email...
[2026-06-20 13:33:23] ❌ ERROR en publicación RPA: Page.fill: Timeout 30000ms exceeded.
Call log:
  - waiting for locator("input[name='session_key']")

[2026-06-20 13:33:23] ================================================================================
[2026-06-20 13:33:23] ❌ FALLO - No se pudo publicar
[2026-06-20 13:33:23] ================================================================================
[2026-06-20 13:36:10] ================================================================================
[2026-06-20 13:36:10] 🤖 LINKEDIN RPA BOT — Iniciado
[2026-06-20 13:36:10] ================================================================================
[2026-06-20 13:36:10] 📅 Día de hoy: 5 (0=Lun, 1=Mar, 2=Mié, 3=Jue, 4=Vie, 5=Sab, 6=Dom)
[2026-06-20 13:36:10] ✅ Post obtenido: 💡 Sábado Estratégico...
[2026-06-20 13:36:10] 
📄 Contenido a publicar (866 caracteres):

[2026-06-20 13:36:11] 🚀 Iniciando Firefox...
[2026-06-20 13:36:11] ❌ ERROR en publicación RPA: BrowserType.launch: Executable doesn't exist at /Users/macbookpro/Library/Caches/ms-playwright/firefox-1522/firefox/Nightly.app/Contents/MacOS/firefox
╔════════════════════════════════════════════════════════════╗
║ Looks like Playwright was just installed or updated.       ║
║ Please run the following command to download new browsers: ║
║                                                            ║
║     playwright install                                     ║
║                                                            ║
║ <3 Playwright Team                                         ║
╚════════════════════════════════════════════════════════════╝
[2026-06-20 13:36:11] ================================================================================
[2026-06-20 13:36:11] ❌ FALLO - No se pudo publicar
[2026-06-20 13:36:11] ================================================================================
[2026-06-20 13:36:40] ================================================================================
[2026-06-20 13:36:40] 🤖 LINKEDIN RPA BOT — Iniciado
[2026-06-20 13:36:40] ================================================================================
[2026-06-20 13:36:40] 📅 Día de hoy: 5 (0=Lun, 1=Mar, 2=Mié, 3=Jue, 4=Vie, 5=Sab, 6=Dom)
[2026-06-20 13:36:40] ✅ Post obtenido: 💡 Sábado Estratégico...
[2026-06-20 13:36:40] 
📄 Contenido a publicar (866 caracteres):

[2026-06-20 13:36:40] 🚀 Iniciando Firefox...
[2026-06-20 13:36:44] 📝 Accediendo a LinkedIn...
[2026-06-20 13:36:48] 👆 Haciendo click en campo de email...
[2026-06-20 13:36:50] ⌨️  Pegando email...
[2026-06-20 13:36:55] 📌 Moviendo a campo de contraseña...
[2026-06-20 13:36:56] 🔐 Pegando contraseña...
[2026-06-20 13:36:59] 👆 Haciendo click en Login...
[2026-06-20 13:37:00] ⏳ Esperando a que cargue el feed...
[2026-06-20 13:38:00] ❌ ERROR en publicación RPA: Timeout 60000ms exceeded.
=========================== logs ===========================
waiting for navigation to "https://www.linkedin.com/feed/**" until 'load'
  navigated to "https://www.linkedin.com/login/"
============================================================
[2026-06-20 13:38:00] ================================================================================
[2026-06-20 13:38:00] ❌ FALLO - No se pudo publicar
[2026-06-20 13:38:00] ================================================================================
[2026-06-20 13:39:54] ================================================================================
[2026-06-20 13:39:54] 🤖 LINKEDIN RPA BOT — Iniciado
[2026-06-20 13:39:54] ================================================================================
[2026-06-20 13:39:54] 📅 Día de hoy: 5 (0=Lun, 1=Mar, 2=Mié, 3=Jue, 4=Vie, 5=Sab, 6=Dom)
[2026-06-20 13:39:54] ✅ Post obtenido: 💡 Sábado Estratégico...
[2026-06-20 13:39:54] 
📄 Contenido a publicar (866 caracteres):

[2026-06-20 13:39:54] 🚀 Iniciando Firefox...
[2026-06-20 13:39:56] 📝 Accediendo a LinkedIn...
[2026-06-20 13:40:00] 👆 Haciendo click en campo de email...
[2026-06-20 13:40:02] ⌨️  Pegando email...
[2026-06-20 13:40:06] 📌 Moviendo a campo de contraseña...
[2026-06-20 13:40:07] 🔐 Pegando contraseña...
[2026-06-20 13:40:12] 👆 Haciendo click en Login...
[2026-06-20 13:40:13] ⏳ Esperando a que cargue el feed...
[2026-06-20 13:41:23] ================================================================================
[2026-06-20 13:41:23] 🤖 LINKEDIN RPA BOT — Iniciado
[2026-06-20 13:41:23] ================================================================================
[2026-06-20 13:41:23] 📅 Día de hoy: 5 (0=Lun, 1=Mar, 2=Mié, 3=Jue, 4=Vie, 5=Sab, 6=Dom)
[2026-06-20 13:41:23] ✅ Post obtenido: 💡 Sábado Estratégico...
[2026-06-20 13:41:23] 
📄 Contenido a publicar (866 caracteres):

[2026-06-20 13:41:23] 🚀 Iniciando Firefox...
[2026-06-20 13:41:25] 📝 Accediendo a LinkedIn...
[2026-06-20 13:41:29] 👆 Haciendo click en campo de email...
[2026-06-20 13:41:31] ⌨️  Pegando email...
[2026-06-20 13:41:35] 📌 Moviendo a campo de contraseña...
[2026-06-20 13:41:36] 🔐 Pegando contraseña...
[2026-06-20 13:41:39] 👆 Haciendo click en Login...
[2026-06-20 13:41:39] ⏳ Esperando a que cargue el feed...
[2026-06-20 13:41:51] ❌ ERROR en publicación RPA: Target page, context or browser has been closed
=========================== logs ===========================
waiting for navigation to "https://www.linkedin.com/feed/**" until 'load'
  navigated to "https://www.linkedin.com/login/"
============================================================
[2026-06-20 13:41:51] ================================================================================
[2026-06-20 13:41:51] ❌ FALLO - No se pudo publicar
[2026-06-20 13:41:51] ================================================================================
[2026-06-20 13:42:50] ================================================================================
[2026-06-20 13:42:50] 🤖 LINKEDIN RPA BOT — Iniciado
[2026-06-20 13:42:50] ================================================================================
[2026-06-20 13:42:50] 📅 Día de hoy: 5 (0=Lun, 1=Mar, 2=Mié, 3=Jue, 4=Vie, 5=Sab, 6=Dom)
[2026-06-20 13:42:50] ✅ Post obtenido: 💡 Sábado Estratégico...
[2026-06-20 13:42:50] 
📄 Contenido a publicar (866 caracteres):

[2026-06-20 13:42:50] 🚀 Iniciando Firefox...
[2026-06-20 13:42:52] 📝 Accediendo a LinkedIn...
[2026-06-20 13:42:57] 👆 Haciendo click en campo de email...
[2026-06-20 13:42:58] ⌨️  Pegando email...
[2026-06-20 13:43:00] 📌 Moviendo a campo de contraseña...
[2026-06-20 13:43:01] 🔐 Pegando contraseña...
[2026-06-20 13:43:02] 👆 Haciendo click en Login...
[2026-06-20 13:43:02] ⏳ Esperando a que cargue el feed...
[2026-06-20 13:43:08] ❌ ERROR en publicación RPA: Target page, context or browser has been closed
=========================== logs ===========================
waiting for navigation to "https://www.linkedin.com/feed/**" until 'load'
  navigated to "https://www.linkedin.com/login/"
============================================================
[2026-06-20 13:43:08] ================================================================================
[2026-06-20 13:43:08] ❌ FALLO - No se pudo publicar
[2026-06-20 13:43:08] ================================================================================
[2026-06-20 13:44:14] ================================================================================
[2026-06-20 13:44:14] 🤖 LINKEDIN RPA BOT — Iniciado
[2026-06-20 13:44:14] ================================================================================
[2026-06-20 13:44:14] 📅 Día de hoy: 5 (0=Lun, 1=Mar, 2=Mié, 3=Jue, 4=Vie, 5=Sab, 6=Dom)
[2026-06-20 13:44:14] ✅ Post obtenido: 💡 Sábado Estratégico...
[2026-06-20 13:44:14] 
📄 Contenido a publicar (866 caracteres):

[2026-06-20 13:44:14] 🚀 Iniciando Firefox...
[2026-06-20 13:44:16] 📝 Accediendo a LinkedIn...
[2026-06-20 13:44:20] 👆 Haciendo click en campo de email...
[2026-06-20 13:44:22] ⌨️  Pegando email...
[2026-06-20 13:44:22]    Escribiendo: erwin.androide@gmail...
[2026-06-20 13:44:25]    10/24 caracteres escritos
[2026-06-20 13:44:28]    20/24 caracteres escritos
[2026-06-20 13:44:29]    ✅ 24 caracteres escritos
[2026-06-20 13:44:31] 📌 Moviendo a campo de contraseña...
[2026-06-20 13:44:31] 🔐 Pegando contraseña...
[2026-06-20 13:44:31]    Escribiendo: 03380338t...
[2026-06-20 13:44:34]    ✅ 9 caracteres escritos
[2026-06-20 13:44:36] 👆 Haciendo click en Login...
[2026-06-20 13:44:36] ⏳ Esperando a que cargue el feed...
[2026-06-20 13:44:48] ❌ ERROR en publicación RPA: Target page, context or browser has been closed
=========================== logs ===========================
waiting for navigation to "https://www.linkedin.com/feed/**" until 'load'
  navigated to "https://www.linkedin.com/login/"
============================================================
[2026-06-20 13:44:48] ================================================================================
[2026-06-20 13:44:48] ❌ FALLO - No se pudo publicar
[2026-06-20 13:44:48] ================================================================================
[2026-06-20 13:46:33] ================================================================================
[2026-06-20 13:46:33] 🤖 LINKEDIN RPA BOT — Iniciado
[2026-06-20 13:46:33] ================================================================================
[2026-06-20 13:46:33] 📅 Día de hoy: 5 (0=Lun, 1=Mar, 2=Mié, 3=Jue, 4=Vie, 5=Sab, 6=Dom)
[2026-06-20 13:46:33] ✅ Post obtenido: 💡 Sábado Estratégico...
[2026-06-20 13:46:33] 
📄 Contenido a publicar (866 caracteres):

[2026-06-20 13:46:34] 🚀 Iniciando Firefox...
[2026-06-20 13:46:35] 📝 Accediendo a LinkedIn...
[2026-06-20 13:46:40] 👆 Haciendo click en campo de email...
[2026-06-20 13:46:41] ⌨️  Pegando email...
[2026-06-20 13:46:41]    Pegando: erwin.androide@gmail...
[2026-06-20 13:46:42]    ⚠️ AppleScript falló: Command '['osascript', '-e', 'tell application "System Events" to keystroke erwin.androide@gmail.com using command down']' returned non-zero exit status 1., intentando alternativa...
[2026-06-20 13:46:42]    ✅ Pegado con pbcopy
[2026-06-20 13:46:43] 📌 Moviendo a campo de contraseña...
[2026-06-20 13:46:44] 🔐 Pegando contraseña...
[2026-06-20 13:46:44]    Pegando: 03380338t...
[2026-06-20 13:46:44]    ⚠️ AppleScript falló: Command '['osascript', '-e', 'tell application "System Events" to keystroke 03380338t using command down']' returned non-zero exit status 1., intentando alternativa...
[2026-06-20 13:46:45]    ✅ Pegado con pbcopy
[2026-06-20 13:46:46] 👆 Haciendo click en Login...
[2026-06-20 13:46:46] ⏳ Esperando a que cargue el feed...
[2026-06-20 13:46:51] ❌ ERROR en publicación RPA: Target page, context or browser has been closed
=========================== logs ===========================
waiting for navigation to "https://www.linkedin.com/feed/**" until 'load'
  navigated to "https://www.linkedin.com/login/"
============================================================
[2026-06-20 13:46:51] ================================================================================
[2026-06-20 13:46:51] ❌ FALLO - No se pudo publicar
[2026-06-20 13:46:51] ================================================================================
[2026-06-20 13:47:38] ================================================================================
[2026-06-20 13:47:38] 🤖 LINKEDIN RPA BOT — Iniciado
[2026-06-20 13:47:38] ================================================================================
[2026-06-20 13:47:38] 📅 Día de hoy: 5 (0=Lun, 1=Mar, 2=Mié, 3=Jue, 4=Vie, 5=Sab, 6=Dom)
[2026-06-20 13:47:38] ✅ Post obtenido: 💡 Sábado Estratégico...
[2026-06-20 13:47:38] 
📄 Contenido a publicar (866 caracteres):

[2026-06-20 13:47:38] 🚀 Iniciando Firefox...
[2026-06-20 13:47:40] 📝 Accediendo a LinkedIn...
[2026-06-20 13:47:44] 👆 Haciendo click en campo de email...
[2026-06-20 13:47:46] ⌨️  Pegando email...
[2026-06-20 13:47:46]    Escribiendo: erwin.androide@...
[2026-06-20 13:47:50]    ✓ 10/24 caracteres
[2026-06-20 13:47:53]    ✓ 20/24 caracteres
[2026-06-20 13:47:55]    ✅ 24 caracteres escritos
[2026-06-20 13:47:56] 📌 Moviendo a campo de contraseña...
[2026-06-20 13:47:57] 🔐 Pegando contraseña...
[2026-06-20 13:47:57]    Escribiendo: 03380338t...
[2026-06-20 13:48:00]    ✅ 9 caracteres escritos
[2026-06-20 13:48:01] 👆 Haciendo click en Login...
[2026-06-20 13:48:02] ⏳ Esperando a que cargue el feed...
[2026-06-20 13:48:02] ❌ ERROR en publicación RPA: Target page, context or browser has been closed
=========================== logs ===========================
waiting for navigation to "https://www.linkedin.com/feed/**" until 'load'
  navigated to "https://www.linkedin.com/login/"
============================================================
[2026-06-20 13:48:02] ================================================================================
[2026-06-20 13:48:02] ❌ FALLO - No se pudo publicar
[2026-06-20 13:48:02] ================================================================================
[2026-06-20 13:51:04] ================================================================================
[2026-06-20 13:51:04] 🤖 LINKEDIN RPA BOT — Iniciado
[2026-06-20 13:51:04] ================================================================================
[2026-06-20 13:51:04] 📅 Día de hoy: 5 (0=Lun, 1=Mar, 2=Mié, 3=Jue, 4=Vie, 5=Sab, 6=Dom)
[2026-06-20 13:51:04] ✅ Post obtenido: 💡 Sábado Estratégico...
[2026-06-20 13:51:04] 
📄 Contenido a publicar (866 caracteres):

[2026-06-20 13:51:04] 🚀 Iniciando Firefox...
[2026-06-20 13:51:06] 📝 Accediendo a LinkedIn...
[2026-06-20 13:51:10] 👆 Haciendo click en campo de email...
[2026-06-20 13:51:11] ⌨️  Pegando email...
[2026-06-20 13:51:11]    Escribiendo: erwin.androide@...
[2026-06-20 13:51:14]    [6] . (period)
[2026-06-20 13:51:17]    [15] @ (option+2)
[2026-06-20 13:51:19]    [21] . (period)
[2026-06-20 13:51:20]    ✅ 24 caracteres escritos correctamente
[2026-06-20 13:51:22] 📌 Moviendo a campo de contraseña...
[2026-06-20 13:51:23] 🔐 Pegando contraseña...
[2026-06-20 13:51:23]    Escribiendo: 03380338t...
[2026-06-20 13:51:27]    ✅ 9 caracteres escritos correctamente
[2026-06-20 13:51:28] 👆 Haciendo click en Login...
[2026-06-20 13:51:28] ⏳ Esperando a que cargue el feed...
[2026-06-20 13:51:51] ❌ ERROR en publicación RPA: Target page, context or browser has been closed
=========================== logs ===========================
waiting for navigation to "https://www.linkedin.com/feed/**" until 'load'
  navigated to "https://www.linkedin.com/login/"
============================================================
[2026-06-20 13:51:51] ================================================================================
[2026-06-20 13:51:51] ❌ FALLO - No se pudo publicar
[2026-06-20 13:51:51] ================================================================================
[2026-06-20 13:52:38] ================================================================================
[2026-06-20 13:52:38] 🤖 LINKEDIN RPA BOT — Iniciado
[2026-06-20 13:52:38] ================================================================================
[2026-06-20 13:52:38] 📅 Día de hoy: 5 (0=Lun, 1=Mar, 2=Mié, 3=Jue, 4=Vie, 5=Sab, 6=Dom)
[2026-06-20 13:52:38] ✅ Post obtenido: 💡 Sábado Estratégico...
[2026-06-20 13:52:38] 
📄 Contenido a publicar (866 caracteres):

[2026-06-20 13:52:38] 🚀 Iniciando Firefox...
[2026-06-20 13:52:40] 📝 Accediendo a LinkedIn...
[2026-06-20 13:52:45] 🔍 Buscando campo de email...
[2026-06-20 13:52:45]    ✅ Campo encontrado con: input[type='email']
[2026-06-20 13:52:45] 👆 Haciendo click en campo de email...
[2026-06-20 13:53:07] ❌ ERROR en publicación RPA: ElementHandle.click: Target page, context or browser has been closed
Call log:
  - attempting click action
    2 × waiting for element to be visible, enabled and stable
      - element is not visible
    - retrying click action
    - waiting 20ms
    2 × waiting for element to be visible, enabled and stable
      - element is not visible
    - retrying click action
      - waiting 100ms
    39 × waiting for element to be visible, enabled and stable
       - element is not visible
     - retrying click action
       - waiting 500ms

[2026-06-20 13:53:07] ================================================================================
[2026-06-20 13:53:07] ❌ FALLO - No se pudo publicar
[2026-06-20 13:53:07] ================================================================================
[2026-06-20 13:55:11] ================================================================================
[2026-06-20 13:55:11] 🤖 LINKEDIN RPA BOT — Iniciado
[2026-06-20 13:55:11] ================================================================================
[2026-06-20 13:55:11] 📅 Día de hoy: 5 (0=Lun, 1=Mar, 2=Mié, 3=Jue, 4=Vie, 5=Sab, 6=Dom)
[2026-06-20 13:55:11] ✅ Post obtenido: 💡 Sábado Estratégico...
[2026-06-20 13:55:11] 
📄 Contenido a publicar (866 caracteres):

[2026-06-20 13:55:11] 🚀 Iniciando Firefox...
[2026-06-20 13:55:13] 📝 Accediendo a LinkedIn...
[2026-06-20 13:55:17] ⏳ Esperando campo de email...
[2026-06-20 13:55:27] ❌ ERROR en publicación RPA: Page.wait_for_selector: Timeout 10000ms exceeded.
Call log:
  - waiting for locator("input[type='text'], input[type='email'], input") to be visible
    24 × locator resolved to 6 elements. Proceeding with the first one: <input value="" id="«r0»" dir="auto" type="email" autocomplete="username" aria-describedby="«r0»-info" class="bad1985e _192e0623 dd6de7ae ddaeb108 a08c8cfe b13c1d8a ead4d4fb _9728bc50 _3b2e5f49 _0b6ecdc1 _011a6aa9 _882105cc _384e5141 _4a99113f f53c3dd0 cdc8438f _7d01c59b _957f18c4 e4374e99 c122a600 _071cf462"/>

[2026-06-20 13:55:27] ================================================================================
[2026-06-20 13:55:27] ❌ FALLO - No se pudo publicar
[2026-06-20 13:55:27] ================================================================================
