[2026-06-20 14:09:17] ================================================================================
[2026-06-20 14:09:17] 🤖 LINKEDIN BOT AUTOMÁTICO — CONTROL TOTAL
[2026-06-20 14:09:17] ================================================================================
[2026-06-20 14:09:17] 
✅ POST LISTO (866 chars)
[2026-06-20 14:09:17] 
🔥 ABRIENDO FIREFOX...
[2026-06-20 14:09:19] 
📍 Navegando a LinkedIn...
[2026-06-20 14:09:21]    ✅ Página cargada
[2026-06-20 14:09:21]    📸 Screenshot: /tmp/01-inicio.png
[2026-06-20 14:09:24] 
⌨️ ESCRIBIENDO EMAIL...
[2026-06-20 14:09:24]    Email: erwin.androide@gmail.com
[2026-06-20 14:09:24]    Longitud: 24 caracteres

[2026-06-20 14:09:26]    [ 1] 'e'
[2026-06-20 14:09:26]    [ 2] 'r'
[2026-06-20 14:09:26]    [ 3] 'w'
[2026-06-20 14:09:27]    [ 4] 'i'
[2026-06-20 14:09:27]    [ 5] 'n'
[2026-06-20 14:09:28]    [ 6] '.' (Period)
[2026-06-20 14:09:28]    [ 7] 'a'
[2026-06-20 14:09:28]    [ 8] 'n'
[2026-06-20 14:09:29]    [ 9] 'd'
[2026-06-20 14:09:29]    [10] 'r'
[2026-06-20 14:09:29]    [11] 'o'
[2026-06-20 14:09:30]    [12] 'i'
[2026-06-20 14:09:30]    [13] 'd'
[2026-06-20 14:09:31]    [14] 'e'
[2026-06-20 14:09:31]    [15] '@' (Option+2)
[2026-06-20 14:09:31]    [16] 'g'
[2026-06-20 14:09:32]    [17] 'm'
[2026-06-20 14:09:32]    [18] 'a'
[2026-06-20 14:09:32]    [19] 'i'
[2026-06-20 14:09:33]    [20] 'l'
[2026-06-20 14:09:33]    [21] '.' (Period)
[2026-06-20 14:09:33]    [22] 'c'
[2026-06-20 14:09:34]    [23] 'o'
[2026-06-20 14:09:34]    [24] 'm'
[2026-06-20 14:09:34] 
   ✅ Email completado

[2026-06-20 14:09:35]    📸 Screenshot: /tmp/02-email-escrito.png
[2026-06-20 14:09:35] 
↹ Presionando TAB...
[2026-06-20 14:09:37]    ✅ TAB presionado

[2026-06-20 14:09:37] ⌨️ ESCRIBIENDO PASSWORD...
[2026-06-20 14:09:37]    Password: *********
[2026-06-20 14:09:37]    Longitud: 9 caracteres

[2026-06-20 14:09:37]    [ 1] '0'
[2026-06-20 14:09:37]    [ 2] '3'
[2026-06-20 14:09:38]    [ 3] '3'
[2026-06-20 14:09:38]    [ 4] '8'
[2026-06-20 14:09:38]    [ 5] '0'
[2026-06-20 14:09:39]    [ 6] '3'
[2026-06-20 14:09:39]    [ 7] '3'
[2026-06-20 14:09:39]    [ 8] '8'
[2026-06-20 14:09:40]    [ 9] 't'
[2026-06-20 14:09:40] 
   ✅ Password completado

[2026-06-20 14:09:41]    📸 Screenshot: /tmp/03-password-escrito.png
[2026-06-20 14:09:41] 
🔑 Presionando ENTER para login...
[2026-06-20 14:09:44]    ✅ ENTER presionado

[2026-06-20 14:09:44] ⏳ Esperando login (120 segundos)...
[2026-06-20 14:10:03]    ⚠️ Login timeout o error: Target page, context or browser has been closed
=========================== logs ===================
[2026-06-20 14:10:03]    URL actual: https://www.linkedin.com/login/

[2026-06-20 14:10:03] 
❌ ERROR: Page.screenshot: Target page, context or browser has been closed

[2026-06-20 14:10:03] 
================================================================================
[2026-06-20 14:10:03] ❌ FALLO
[2026-06-20 14:10:03] ================================================================================

[2026-06-20 14:10:41] ================================================================================
[2026-06-20 14:10:41] 🤖 LINKEDIN BOT AUTOMÁTICO — CONTROL TOTAL
[2026-06-20 14:10:41] ================================================================================
[2026-06-20 14:10:41] 
✅ POST LISTO (866 chars)
[2026-06-20 14:10:41] 
🔥 ABRIENDO FIREFOX...
[2026-06-20 14:10:43] 
📍 Navegando a LinkedIn...
[2026-06-20 14:10:46]    ✅ Página cargada
[2026-06-20 14:10:46]    📸 Screenshot: /tmp/01-inicio.png
[2026-06-20 14:10:49] 
⌨️ ESCRIBIENDO EMAIL...
[2026-06-20 14:10:49]    Email: erwin.androide@gmail.com
[2026-06-20 14:10:49]    Longitud: 24 caracteres

[2026-06-20 14:11:11] 
❌ ERROR: ElementHandle.click: Target page, context or browser has been closed
Call log:
  - attempting click action
    2 × waiting for element to be visible, enabled and stable
      - element is not visible


[2026-06-20 14:11:11] 
================================================================================
[2026-06-20 14:11:11] ❌ FALLO
[2026-06-20 14:11:11] ================================================================================

[2026-06-20 14:11:30] ================================================================================
[2026-06-20 14:11:30] 🤖 LINKEDIN BOT AUTOMÁTICO — CONTROL TOTAL
[2026-06-20 14:11:30] ================================================================================
[2026-06-20 14:11:30] 
✅ POST LISTO (866 chars)
[2026-06-20 14:11:31] 
🔥 ABRIENDO FIREFOX...
[2026-06-20 14:11:32] 
📍 Navegando a LinkedIn...
[2026-06-20 14:11:35]    ✅ Página cargada
[2026-06-20 14:11:35]    📸 Screenshot: /tmp/01-inicio.png
[2026-06-20 14:11:38] 
⌨️ ESCRIBIENDO EMAIL...
[2026-06-20 14:11:38]    Email: erwin.androide@gmail.com
[2026-06-20 14:11:38]    Longitud: 24 caracteres

[2026-06-20 14:11:38]    ⚠️ No se pudo obtener bbox, usando coordenadas aproximadas...
[2026-06-20 14:11:40]    Escribiendo email con page.keyboard...
[2026-06-20 14:11:41]    ✅ Email escrito
[2026-06-20 14:11:41] 
   ✅ Email completado

[2026-06-20 14:11:42]    📸 Screenshot: /tmp/02-email-escrito.png
[2026-06-20 14:11:42] 
↹ Presionando TAB...
[2026-06-20 14:11:43]    ✅ TAB presionado

[2026-06-20 14:11:43] ⌨️ ESCRIBIENDO PASSWORD...
[2026-06-20 14:11:43]    Password: *********
[2026-06-20 14:11:43]    Longitud: 9 caracteres

[2026-06-20 14:11:43]    [ 1] '0'
[2026-06-20 14:11:44]    [ 2] '3'
[2026-06-20 14:11:44]    [ 3] '3'
[2026-06-20 14:11:44]    [ 4] '8'
[2026-06-20 14:11:45]    [ 5] '0'
[2026-06-20 14:11:45]    [ 6] '3'
[2026-06-20 14:11:46]    [ 7] '3'
[2026-06-20 14:11:46]    [ 8] '8'
[2026-06-20 14:11:46]    [ 9] 't'
[2026-06-20 14:11:47] 
   ✅ Password completado

[2026-06-20 14:11:48]    📸 Screenshot: /tmp/03-password-escrito.png
[2026-06-20 14:11:48] 
🔑 Presionando ENTER para login...
[2026-06-20 14:11:51]    ✅ ENTER presionado

[2026-06-20 14:11:51] ⏳ Esperando login (120 segundos)...
[2026-06-20 14:11:52]    ⚠️ Login timeout o error: Target page, context or browser has been closed
=========================== logs ===================
[2026-06-20 14:11:52]    URL actual: https://www.linkedin.com/

[2026-06-20 14:11:52] 
❌ ERROR: Page.screenshot: Target page, context or browser has been closed

[2026-06-20 14:11:53] 
================================================================================
[2026-06-20 14:11:53] ❌ FALLO
[2026-06-20 14:11:53] ================================================================================

[2026-06-20 14:12:28] ================================================================================
[2026-06-20 14:12:28] 🤖 LINKEDIN BOT AUTOMÁTICO — CONTROL TOTAL
[2026-06-20 14:12:28] ================================================================================
[2026-06-20 14:12:28] 
✅ POST LISTO (866 chars)
[2026-06-20 14:12:28] 
🔥 ABRIENDO FIREFOX...
[2026-06-20 14:12:30] 
📍 Navegando a LinkedIn...
[2026-06-20 14:12:31]    ✅ Página cargada
[2026-06-20 14:12:31]    📸 Screenshot: /tmp/01-inicio.png
[2026-06-20 14:12:34] 
⌨️ ESCRIBIENDO EMAIL...
[2026-06-20 14:12:34]    Email: erwin.androide@gmail.com
[2026-06-20 14:12:34]    Longitud: 24 caracteres

[2026-06-20 14:12:34]    Usando page.fill() para inyectar email...
[2026-06-20 14:12:39]    ⚠️ Falló input[type='email']: Page.fill: Timeout 5000ms exceeded.
Call log:
  - 
[2026-06-20 14:12:44]    ❌ Error inyectando email: Page.fill: Timeout 5000ms exceeded.
Call log:
  - 
[2026-06-20 14:12:44] 
   ✅ Email completado

[2026-06-20 14:12:45]    📸 Screenshot: /tmp/02-email-escrito.png
[2026-06-20 14:12:45] 
↹ Presionando TAB...
[2026-06-20 14:12:47]    ✅ TAB presionado

[2026-06-20 14:12:47] ⌨️ ESCRIBIENDO PASSWORD...
[2026-06-20 14:12:47]    Password: *********
[2026-06-20 14:12:47]    Longitud: 9 caracteres

[2026-06-20 14:12:47]    [ 1] '0'
[2026-06-20 14:12:47]    [ 2] '3'
[2026-06-20 14:12:48]    [ 3] '3'
[2026-06-20 14:12:48]    [ 4] '8'
[2026-06-20 14:12:48]    [ 5] '0'
[2026-06-20 14:12:49]    [ 6] '3'
[2026-06-20 14:12:49]    [ 7] '3'
[2026-06-20 14:12:49]    [ 8] '8'
[2026-06-20 14:12:50]    [ 9] 't'
[2026-06-20 14:12:50] 
   ✅ Password completado

[2026-06-20 14:12:51]    📸 Screenshot: /tmp/03-password-escrito.png
[2026-06-20 14:12:51] 
🔑 Presionando ENTER para login...
[2026-06-20 14:12:54]    ✅ ENTER presionado

[2026-06-20 14:12:54] ⏳ Esperando login (120 segundos)...
[2026-06-20 14:13:19]    ⚠️ Login timeout o error: Target page, context or browser has been closed
=========================== logs ===================
[2026-06-20 14:13:19]    URL actual: https://www.linkedin.com/login/

[2026-06-20 14:13:19] 
❌ ERROR: Page.screenshot: Target page, context or browser has been closed

[2026-06-20 14:13:19] 
================================================================================
[2026-06-20 14:13:19] ❌ FALLO
[2026-06-20 14:13:19] ================================================================================

